// Jest Snapshot v1, https://goo.gl/fbAQLP

exports[`<Image /> renders correctly 1`] = `
<img
  alt="Logo"
  className="makeStyles-root-1"
  src="saf-logo.png"
/>
`;
